0		0.000000		true
1		858.750000		false
2		1717.500000		false
3		2576.250000		false
4		3435.000000		false
5		4293.750000		true
6		5152.500000		false
7		6011.250000		false
8		6870.000000		false
9		7728.750000		false
