2.17
2
400ae148
----
2.17
2
400ae148
----
4.34
4
408ae148
----
13.02
d
415051ec
----
52.08
34
425051ec
----
260.40
104
43823334
----
1562.40
61a
44c34cce
----
10936.80
2ab8
462ae334
----
87494.41
155c6
47aae334
----
787449.62
c03f9
49403f9a
----
