200200200200200200200200216216216216216216216216200200200200200200200200248248248248248248248248200200200200200200200200216216216216216216216216200200200200200200200200312312312312312312312312328328328328328328328328344344344344344344344344328328328328328328328328376376376376376376376376328328328328328328328328344344344344344344344344328328328328328328328328312312312312312312312312456456456456456456456456472472472472472472472472456456456456456456456456504504504504504504504504456456456456456456456456472472472472472472472472456456456456456456456456312312312312312312312312328328328328328328328328
