2330 1165 46662 23331 39313 63688 31844 15922 7961 48012 
24006 12003 41841 58808 29404 14702 7351 47707 59693 49302 
24651 33829 62994 31497 35204 17602 8801 42288 21144 10572 
5286 2643 45353 60564 30282 15141 43410 21705 40548 20274 
10137 42956 21478 10739 41209 58492 29246 14623 43151 57415 

