0 30 60 90 120 150 180 210 240 270 300 330 360 
180 180 210 150 240 120 270 90 300 60 330 30 360 0 
