truetruefalsefalsetruefalse
falsetruefalsetruefalsetrue
truefalsetruefalsefalsetrue

truetruefalsefalsetruefalse
truetruefalsefalsetruefalse
falsetruefalsetruefalsetrue
truefalsetruefalsefalsetrue

falsetruefalsetruefalsetrue
truefalsetruefalsefalsetrue
truetruefalsefalsetruefalse
truetruefalsefalsetruefalse

truefalsefalsefalsetruetrue
falsetruefalsetruetruefalse
truefalsetruetruefalsefalse
falsetruefalsetruefalsetrue
