back 2 and forth 3
back 4 and forth 5
back 6 and forth 7
back 8 and forth 9
back 10 and forth 11
back 12 and forth 13
back 14 and forth 15
back 16 and forth 17
back 18 and forth 19
back 20 and forth 21
