back and forth
back and forth
back and forth
back and forth
back and forth
back and forth
back and forth
back and forth
back and forth
back and forth
