Double delete detected. Memory region has already been released in heap space.
