------------------
2.32.17
3.33.18
4.34.19
5.35.20
6.36.21
7.37.22
8.38.23
9.39.24
10.40.25
11.41.26
12.42.27
13.43.28
14.44.29
15.45.30
16.46.31
--- inside foo call 1
2.32.17
3.33.18
4.34.19
5.35.20
6.36.21
7.37.22
8.38.23
9.39.24
10.40.25
11.41.26
12.42.27
13.43.28
14.44.29
15.45.30
16.46.31
------------------
------------------
12.42.27
15.45.30
18.48.33
21.51.36
24.54.39
27.57.42
30.60.45
33.63.48
36.66.51
39.69.54
42.72.57
45.75.60
48.78.63
51.81.66
54.84.69
--- inside foo call 2
12.42.27
15.45.30
18.48.33
21.51.36
24.54.39
27.57.42
30.60.45
33.63.48
36.66.51
39.69.54
42.72.57
45.75.60
48.78.63
51.81.66
54.84.69
------------------
2.32.17
3.33.18
4.34.19
5.35.20
6.36.21
7.37.22
8.38.23
9.39.24
10.40.25
11.41.26
12.42.27
13.43.28
14.44.29
15.45.30
16.46.31
---
12.42.27
15.45.30
18.48.33
21.51.36
24.54.39
27.57.42
30.60.45
33.63.48
36.66.51
39.69.54
42.72.57
45.75.60
48.78.63
51.81.66
54.84.69
