0, 0.00, false
1, 18.90, false
2, 28.35, true

2, 3.00, false
0, 0.00, false
0, 0.00, false
0, 0.00, false
0, 0.00, false
0, 0.00, false
0, 0.00, false
0, 0.00, false
0, 0.00, false
0, 0.00, false
0, 0.00, false
0, 0.00, false
0, 0.00, false
0, 0.00, false
0, 0.00, false
0, 0.00, false
0, 0.00, false
0, 0.00, false
0, 0.00, false
0, 0.00, false
0, 0.00, false

3, 4.00, true
4, 5.00, true
5, 6.00, true
6, 7.00, true
7, 8.00, true
8, 9.00, true
9, 10.00, true
10, 11.00, true
11, 12.00, true
12, 13.00, true
13, 14.00, true
14, 15.00, true
15, 16.00, true
16, 17.00, true
17, 18.00, true
18, 19.00, true
19, 20.00, true
20, 21.00, true
21, 22.00, true
22, 23.00, true
23, 24.00, true

24, 25.00, false
25, 26.00, false
26, 27.00, false
27, 28.00, false
28, 29.00, false
29, 30.00, false
30, 31.00, false
31, 32.00, false
32, 33.00, false
33, 34.00, false
34, 35.00, false
35, 36.00, false
36, 37.00, false
37, 38.00, false
38, 39.00, false
39, 40.00, false
40, 41.00, false
41, 42.00, false
42, 43.00, false
43, 44.00, false
44, 45.00, false

