2.1.0
3.2.1
4.3.2
5.4.3
6.5.4
7.6.5
8.7.6
9.8.7
10.9.8
11.10.9
12.11.10
13.12.11
14.13.12
15.14.13
16.15.14
2.32.17
3.33.18
4.34.19
5.35.20
6.36.21
7.37.22
8.38.23
9.39.24
10.40.25
11.41.26
12.42.27
13.43.28
14.44.29
15.45.30
16.46.31
2
3
4
5
6
7
8
9
10
11
12
13
14
15
16
