0.10100.10000
1.10101.10001
2.10102.10002
3.10103.10003
4.10104.10004
5.10105.10005
6.10106.10006
7.10107.10007
8.10108.10008
9.10109.10009
2.1.0
3.2.1
4.3.2
5.4.3
6.5.4
7.6.5
8.7.6
9.8.7
10.9.8
11.10.9
