true -801.30 -64250
false -64250.00 10
123456 123456 123466.50
123466.50 123456
