31, 21, 155, 207, 6, 2, 31, 1, 25, 0, -1, 0, -31, 31, -346, 3
