test1 is 40 :40
::test1 is 10 : 10
neg of -test2 is -20 : -20
60
cout sizeof bool 4
complex one : -40
complex two: 20
complex three: 60
complex four: 0
complex five : -8
complex six : -15
complex seven: 1
complex eight : 0
most complex : 5
