0 100 200 300 400 500 600 700 800 900 
1 101 201 301 401 501 601 701 801 901 
2 102 202 302 402 502 602 702 802 902 
3 103 203 303 403 503 603 703 803 903 
4 104 204 304 404 504 604 704 804 904 
5 105 205 305 405 505 605 705 805 905 
6 106 206 306 406 506 606 706 806 906 
7 107 207 307 407 507 607 707 807 907 
8 108 208 308 408 508 608 708 808 908 
9 109 209 309 409 509 609 709 809 909 
