00000000000000000000000000010010
00000000101010111100110111101111
00000000000000000001010011100101
11111111111111111111111111111111
11111111111111111111111111111110
11111111111111111111111111110001
01110000101010111100110111101111
