022
052746757
012345
097777777777
097777777776
097777777761
