0 133 4718592
0 134 770048
1 127 0
0 127 1967129
0 0 0
1 0 0
0 0 0
