Index value of -12345 is outside legal range [0,10).
