fe
fi
fo
fum

fe
fi
fo
fum

fe
fi
fo
fum

fe
fi
fo
fum
