Attempt to dereference a pointer into deallocated stack space.
