300300300300300300300300300
100001000010000100001000010000100001000010000
300300300300300300300300300
