2.1.0
3.2.1
4.3.2
5.4.3
6.5.4
7.6.5
8.7.6
9.8.7
10.9.8
11.10.9
12.11.10
13.12.11
14.13.12
15.14.13
16.15.14

2.1.0
3.2.1
4.3.2
5.4.3
6.5.4
7.6.5
8.7.6
9.8.7
10.9.8
11.10.9
12.11.10
13.12.11
14.13.12
15.14.13
16.15.14

2.10102.10002
3.10103.10003
4.10104.10004
5.10105.10005
6.10106.10006
7.10107.10007
8.10108.10008
9.10109.10009
10.10110.10010
11.10111.10011
12.10112.10012
13.10113.10013
14.10114.10014
15.10115.10015
16.10116.10016

2.1.0
3.2.1
4.3.2
5.4.3
6.5.4
7.6.5
8.7.6
9.8.7
10.9.8
11.10.9
12.11.10
13.12.11
14.13.12
15.14.13
16.15.14
