1.00 2.00 3.00 4.00 5.00 6.00 7.00 8.00 9.00 10.00 
1.00 1.41 1.73 2.00 2.24 2.45 2.65 2.83 3.00 3.16 
1.00 1.26 1.44 1.59 1.71 1.82 1.91 2.00 2.08 2.15 
1.00 1.19 1.32 1.41 1.50 1.57 1.63 1.68 1.73 1.78 
1.00 1.15 1.25 1.32 1.38 1.43 1.48 1.52 1.56 1.59 
1.00 1.12 1.20 1.26 1.31 1.35 1.38 1.42 1.45 1.49 
1.00 1.10 1.17 1.22 1.26 1.29 1.32 1.35 1.38 1.42 
1.00 1.09 1.15 1.19 1.22 1.25 1.28 1.31 1.34 1.38 
1.00 1.08 1.13 1.17 1.20 1.22 1.24 1.27 1.30 1.34 
1.00 1.07 1.12 1.15 1.17 1.20 1.22 1.24 1.28 1.32 
