0x12
0xABCDEF
0x14E5
0xFFFFFFFF
0xFFFFFFFE
0xFFFFFFF1
