Index value of 155 is outside legal range [0,10).
