0	0.00
0	0.00
0.00	0

1	1.00
1	1.00
0.00	1065353216

16	16.00
16	16.00
0.00	1098907648

81	81.00
81	81.00
0.00	1117913088

256	256.00
256	256.00
0.00	1132462080

625	625.00
625	625.00
0.00	1142702080

1296	1296.00
1296	1296.00
0.00	1151467520

2401	2401.00
2401	2401.00
0.00	1159073792

4096	4096.00
4096	4096.00
0.00	1166016512

6561	6561.00
6561	6561.00
0.00	1171064832

