-------1
-------1
------2
------1
-----3
------1
------1
-----2
----5
------1
------1
-----2
-----1
----3
---8
------1
------1
-----2
-----1
----3
-----1
-----1
----2
---5
--13
------1
------1
-----2
-----1
----3
-----1
-----1
----2
---5
-----1
-----1
----2
----1
---3
--8
-21
21
